GowinSynthesis start
Running parser ...
Analyzing Verilog file 'C:\Users\guill\Documents\FPGA\TANG nano 20k\Projects\seg7\src\bcd_to_7seg.v'
Analyzing Verilog file 'C:\Users\guill\Documents\FPGA\TANG nano 20k\Projects\seg7\src\counter_mod10.v'
Analyzing Verilog file 'C:\Users\guill\Documents\FPGA\TANG nano 20k\Projects\seg7\src\counter_mod100.v'
Analyzing Verilog file 'C:\Users\guill\Documents\FPGA\TANG nano 20k\Projects\seg7\src\counter_mod100_updown.v'
Analyzing Verilog file 'C:\Users\guill\Documents\FPGA\TANG nano 20k\Projects\seg7\src\counter_updown_4b.v'
Analyzing Verilog file 'C:\Users\guill\Documents\FPGA\TANG nano 20k\Projects\seg7\src\display_multiplexer.v'
Analyzing Verilog file 'C:\Users\guill\Documents\FPGA\TANG nano 20k\Projects\seg7\src\pwm_generator.v'
Analyzing Verilog file 'C:\Users\guill\Documents\FPGA\TANG nano 20k\Projects\seg7\src\top.v'
Analyzing Verilog file 'C:\Users\guill\Documents\FPGA\TANG nano 20k\Projects\seg7\src\bcd_to_7seg_d.v'
Analyzing Verilog file 'C:\Users\guill\Documents\FPGA\TANG nano 20k\Projects\seg7\src\sumador_3b.v'
Compiling module 'top'("C:\Users\guill\Documents\FPGA\TANG nano 20k\Projects\seg7\src\top.v":1)
Compiling module 'sumador_3b'("C:\Users\guill\Documents\FPGA\TANG nano 20k\Projects\seg7\src\sumador_3b.v":1)
Compiling module 'display_multiplexer'("C:\Users\guill\Documents\FPGA\TANG nano 20k\Projects\seg7\src\display_multiplexer.v":1)
Compiling module 'bcd_to_7seg'("C:\Users\guill\Documents\FPGA\TANG nano 20k\Projects\seg7\src\bcd_to_7seg.v":1)
NOTE  (EX0101) : Current top module is "top"
[5%] Running netlist conversion ...
WARN  (CV0020) : Input dip_switch[7:6] is unused("C:\Users\guill\Documents\FPGA\TANG nano 20k\Projects\seg7\src\top.v":4)
Running device independent optimization ...
[10%] Optimizing Phase 0 completed
[15%] Optimizing Phase 1 completed
[25%] Optimizing Phase 2 completed
Running inference ...
[30%] Inferring Phase 0 completed
[40%] Inferring Phase 1 completed
[50%] Inferring Phase 2 completed
[55%] Inferring Phase 3 completed
Running technical mapping ...
[60%] Tech-Mapping Phase 0 completed
[65%] Tech-Mapping Phase 1 completed
[75%] Tech-Mapping Phase 2 completed
[80%] Tech-Mapping Phase 3 completed
[90%] Tech-Mapping Phase 4 completed
[95%] Generate netlist file "C:\Users\guill\Documents\FPGA\TANG nano 20k\Projects\seg7\impl\gwsynthesis\4_seven_segement_template.vg" completed
[100%] Generate report file "C:\Users\guill\Documents\FPGA\TANG nano 20k\Projects\seg7\impl\gwsynthesis\4_seven_segement_template_syn.rpt.html" completed
GowinSynthesis finish
